// Jest Snapshot v1, https://goo.gl/fbAQLP

exports[`<ObjectAvatar /> renders without exploding 1`] = `
ShallowWrapper {
  Symbol(enzyme.__root__): [Circular],
  Symbol(enzyme.__unrendered__): <ObjectAvatar
    item={
      Object {
        "avatar": "avatar",
        "parent": Object {
          "avatar": "parent_avatar",
        },
      }
    }
    size={42}
  />,
  Symbol(enzyme.__renderer__): Object {
    "batchedUpdates": [Function],
    "checkPropTypes": [Function],
    "getNode": [Function],
    "render": [Function],
    "simulateError": [Function],
    "simulateEvent": [Function],
    "unmount": [Function],
  },
  Symbol(enzyme.__node__): Object {
    "instance": null,
    "key": undefined,
    "nodeType": "host",
    "props": Object {
      "className": "ObjectAvatar",
      "style": Object {
        "backgroundImage": "url(https://images.hive.blog/800x600/https://images.hive.blog/p/qXwViYfK)",
        "height": "42px",
        "minWidth": "42px",
        "width": "42px",
      },
    },
    "ref": null,
    "rendered": null,
    "type": "div",
  },
  Symbol(enzyme.__nodes__): Array [
    Object {
      "instance": null,
      "key": undefined,
      "nodeType": "host",
      "props": Object {
        "className": "ObjectAvatar",
        "style": Object {
          "backgroundImage": "url(https://images.hive.blog/800x600/https://images.hive.blog/p/qXwViYfK)",
          "height": "42px",
          "minWidth": "42px",
          "width": "42px",
        },
      },
      "ref": null,
      "rendered": null,
      "type": "div",
    },
  ],
  Symbol(enzyme.__options__): Object {
    "adapter": ReactSixteenAdapter {
      "options": Object {
        "enableComponentDidUpdateOnSetState": true,
        "legacyContextMode": "parent",
        "lifecycles": Object {
          "componentDidUpdate": Object {
            "onSetState": true,
          },
          "getChildContext": Object {
            "calledByRenderer": false,
          },
          "getDerivedStateFromError": true,
          "getDerivedStateFromProps": Object {
            "hasShouldComponentUpdateBug": false,
          },
          "getSnapshotBeforeUpdate": true,
          "setState": Object {
            "skipsComponentDidUpdateOnNullish": true,
          },
        },
      },
    },
    Symbol(enzyme.__providerValues__): undefined,
  },
  Symbol(enzyme.__providerValues__): Map {},
}
`;
