// Jest Snapshot v1, https://goo.gl/fbAQLP

exports[`<TwitterShare /> should render without exploding 1`] = `
ShallowWrapper {
  Symbol(enzyme.__root__): [Circular],
  Symbol(enzyme.__unrendered__): <TwitterShare
    hashtags={
      Array [
        "hashtags",
      ]
    }
    text="text"
    url="url"
  />,
  Symbol(enzyme.__renderer__): Object {
    "batchedUpdates": [Function],
    "checkPropTypes": [Function],
    "getNode": [Function],
    "render": [Function],
    "simulateError": [Function],
    "simulateEvent": [Function],
    "unmount": [Function],
  },
  Symbol(enzyme.__node__): Object {
    "instance": null,
    "key": undefined,
    "nodeType": "host",
    "props": Object {
      "children": <div
        className="ShareButton__contents ShareButton__contents__twitter"
      >
        <i
          className="iconfont icon-twitter ShareButton__icon"
        />
      </div>,
      "className": "ShareButton",
      "href": "https://twitter.com/intent/tweet?text=text&url=url&hashtags=hashtags",
      "rel": "noopener noreferrer",
      "target": "_blank",
    },
    "ref": null,
    "rendered": Object {
      "instance": null,
      "key": undefined,
      "nodeType": "host",
      "props": Object {
        "children": <i
          className="iconfont icon-twitter ShareButton__icon"
        />,
        "className": "ShareButton__contents ShareButton__contents__twitter",
      },
      "ref": null,
      "rendered": Object {
        "instance": null,
        "key": undefined,
        "nodeType": "host",
        "props": Object {
          "className": "iconfont icon-twitter ShareButton__icon",
        },
        "ref": null,
        "rendered": null,
        "type": "i",
      },
      "type": "div",
    },
    "type": "a",
  },
  Symbol(enzyme.__nodes__): Array [
    Object {
      "instance": null,
      "key": undefined,
      "nodeType": "host",
      "props": Object {
        "children": <div
          className="ShareButton__contents ShareButton__contents__twitter"
        >
          <i
            className="iconfont icon-twitter ShareButton__icon"
          />
        </div>,
        "className": "ShareButton",
        "href": "https://twitter.com/intent/tweet?text=text&url=url&hashtags=hashtags",
        "rel": "noopener noreferrer",
        "target": "_blank",
      },
      "ref": null,
      "rendered": Object {
        "instance": null,
        "key": undefined,
        "nodeType": "host",
        "props": Object {
          "children": <i
            className="iconfont icon-twitter ShareButton__icon"
          />,
          "className": "ShareButton__contents ShareButton__contents__twitter",
        },
        "ref": null,
        "rendered": Object {
          "instance": null,
          "key": undefined,
          "nodeType": "host",
          "props": Object {
            "className": "iconfont icon-twitter ShareButton__icon",
          },
          "ref": null,
          "rendered": null,
          "type": "i",
        },
        "type": "div",
      },
      "type": "a",
    },
  ],
  Symbol(enzyme.__options__): Object {
    "adapter": ReactSixteenAdapter {
      "options": Object {
        "enableComponentDidUpdateOnSetState": true,
        "legacyContextMode": "parent",
        "lifecycles": Object {
          "componentDidUpdate": Object {
            "onSetState": true,
          },
          "getChildContext": Object {
            "calledByRenderer": false,
          },
          "getDerivedStateFromError": true,
          "getDerivedStateFromProps": Object {
            "hasShouldComponentUpdateBug": false,
          },
          "getSnapshotBeforeUpdate": true,
          "setState": Object {
            "skipsComponentDidUpdateOnNullish": true,
          },
        },
      },
    },
    Symbol(enzyme.__providerValues__): undefined,
  },
  Symbol(enzyme.__providerValues__): Map {},
}
`;
