// Jest Snapshot v1, https://goo.gl/fbAQLP

exports[`(Component) PowerUpTransactionFrom with default prop values renders and matches snapshot 1`] = `
ShallowWrapper {
  Symbol(enzyme.__root__): [Circular],
  Symbol(enzyme.__unrendered__): <PowerUpTransactionFrom
    amount={
      <span>
        0 HIVE
      </span>
    }
    from="hellosteem"
    timestamp="0"
    to="hellosteem"
    transactionType="transfer_to_vesting"
  />,
  Symbol(enzyme.__renderer__): Object {
    "batchedUpdates": [Function],
    "checkPropTypes": [Function],
    "getNode": [Function],
    "render": [Function],
    "simulateError": [Function],
    "simulateEvent": [Function],
    "unmount": [Function],
  },
  Symbol(enzyme.__node__): Object {
    "instance": null,
    "key": undefined,
    "nodeType": "host",
    "props": Object {
      "children": Array [
        <div
          className="UserWalletTransactions__icon-container"
        >
          <i
            className="iconfont icon-flashlight_fill UserWalletTransactions__icon"
          />
        </div>,
        <div
          className="UserWalletTransactions__content"
        >
          <div
            className="UserWalletTransactions__content-recipient"
          >
            <UNDEFINED>
              <FormattedMessage
                defaultMessage="Powered up "
                id="powered_up"
                values={Object {}}
              />
              <span
                className="UserWalletTransactions__payout"
              >
                <span>
                  0 HIVE
                </span>
              </span>
            </UNDEFINED>
          </div>
          <span
            className="UserWalletTransactions__timestamp"
          >
            <BTooltip
              title={
                <span>
                  <FormattedRelative
                    updateInterval={10000}
                    value={0}
                  />
                </span>
              }
            >
              <span>
                <FormattedRelative
                  updateInterval={10000}
                  value={0}
                />
              </span>
            </BTooltip>
          </span>
        </div>,
      ],
      "className": "UserWalletTransactions__transaction",
    },
    "ref": null,
    "rendered": Array [
      Object {
        "instance": null,
        "key": undefined,
        "nodeType": "host",
        "props": Object {
          "children": <i
            className="iconfont icon-flashlight_fill UserWalletTransactions__icon"
          />,
          "className": "UserWalletTransactions__icon-container",
        },
        "ref": null,
        "rendered": Object {
          "instance": null,
          "key": undefined,
          "nodeType": "host",
          "props": Object {
            "className": "iconfont icon-flashlight_fill UserWalletTransactions__icon",
          },
          "ref": null,
          "rendered": null,
          "type": "i",
        },
        "type": "div",
      },
      Object {
        "instance": null,
        "key": undefined,
        "nodeType": "host",
        "props": Object {
          "children": Array [
            <div
              className="UserWalletTransactions__content-recipient"
            >
              <UNDEFINED>
                <FormattedMessage
                  defaultMessage="Powered up "
                  id="powered_up"
                  values={Object {}}
                />
                <span
                  className="UserWalletTransactions__payout"
                >
                  <span>
                    0 HIVE
                  </span>
                </span>
              </UNDEFINED>
            </div>,
            <span
              className="UserWalletTransactions__timestamp"
            >
              <BTooltip
                title={
                  <span>
                    <FormattedRelative
                      updateInterval={10000}
                      value={0}
                    />
                  </span>
                }
              >
                <span>
                  <FormattedRelative
                    updateInterval={10000}
                    value={0}
                  />
                </span>
              </BTooltip>
            </span>,
          ],
          "className": "UserWalletTransactions__content",
        },
        "ref": null,
        "rendered": Array [
          Object {
            "instance": null,
            "key": undefined,
            "nodeType": "host",
            "props": Object {
              "children": <UNDEFINED>
                <FormattedMessage
                  defaultMessage="Powered up "
                  id="powered_up"
                  values={Object {}}
                />
                <span
                  className="UserWalletTransactions__payout"
                >
                  <span>
                    0 HIVE
                  </span>
                </span>
              </UNDEFINED>,
              "className": "UserWalletTransactions__content-recipient",
            },
            "ref": null,
            "rendered": Object {
              "instance": null,
              "key": undefined,
              "nodeType": "function",
              "props": Object {
                "children": Array [
                  <FormattedMessage
                    defaultMessage="Powered up "
                    id="powered_up"
                    values={Object {}}
                  />,
                  <span
                    className="UserWalletTransactions__payout"
                  >
                    <span>
                      0 HIVE
                    </span>
                  </span>,
                ],
              },
              "ref": null,
              "rendered": Array [
                Object {
                  "instance": null,
                  "key": undefined,
                  "nodeType": "class",
                  "props": Object {
                    "defaultMessage": "Powered up ",
                    "id": "powered_up",
                    "values": Object {},
                  },
                  "ref": null,
                  "rendered": null,
                  "type": [Function],
                },
                Object {
                  "instance": null,
                  "key": undefined,
                  "nodeType": "host",
                  "props": Object {
                    "children": <span>
                      0 HIVE
                    </span>,
                    "className": "UserWalletTransactions__payout",
                  },
                  "ref": null,
                  "rendered": Object {
                    "instance": null,
                    "key": undefined,
                    "nodeType": "host",
                    "props": Object {
                      "children": "0 HIVE",
                    },
                    "ref": null,
                    "rendered": "0 HIVE",
                    "type": "span",
                  },
                  "type": "span",
                },
              ],
              "type": Symbol(react.fragment),
            },
            "type": "div",
          },
          Object {
            "instance": null,
            "key": undefined,
            "nodeType": "host",
            "props": Object {
              "children": <BTooltip
                title={
                  <span>
                    <FormattedRelative
                      updateInterval={10000}
                      value={0}
                    />
                  </span>
                }
              >
                <span>
                  <FormattedRelative
                    updateInterval={10000}
                    value={0}
                  />
                </span>
              </BTooltip>,
              "className": "UserWalletTransactions__timestamp",
            },
            "ref": null,
            "rendered": Object {
              "instance": null,
              "key": undefined,
              "nodeType": "class",
              "props": Object {
                "children": <span>
                  <FormattedRelative
                    updateInterval={10000}
                    value={0}
                  />
                </span>,
                "title": <span>
                  <FormattedRelative
                    updateInterval={10000}
                    value={0}
                  />
                </span>,
              },
              "ref": null,
              "rendered": Object {
                "instance": null,
                "key": undefined,
                "nodeType": "host",
                "props": Object {
                  "children": <FormattedRelative
                    updateInterval={10000}
                    value={0}
                  />,
                },
                "ref": null,
                "rendered": Object {
                  "instance": null,
                  "key": undefined,
                  "nodeType": "class",
                  "props": Object {
                    "updateInterval": 10000,
                    "value": 0,
                  },
                  "ref": null,
                  "rendered": null,
                  "type": [Function],
                },
                "type": "span",
              },
              "type": [Function],
            },
            "type": "span",
          },
        ],
        "type": "div",
      },
    ],
    "type": "div",
  },
  Symbol(enzyme.__nodes__): Array [
    Object {
      "instance": null,
      "key": undefined,
      "nodeType": "host",
      "props": Object {
        "children": Array [
          <div
            className="UserWalletTransactions__icon-container"
          >
            <i
              className="iconfont icon-flashlight_fill UserWalletTransactions__icon"
            />
          </div>,
          <div
            className="UserWalletTransactions__content"
          >
            <div
              className="UserWalletTransactions__content-recipient"
            >
              <UNDEFINED>
                <FormattedMessage
                  defaultMessage="Powered up "
                  id="powered_up"
                  values={Object {}}
                />
                <span
                  className="UserWalletTransactions__payout"
                >
                  <span>
                    0 HIVE
                  </span>
                </span>
              </UNDEFINED>
            </div>
            <span
              className="UserWalletTransactions__timestamp"
            >
              <BTooltip
                title={
                  <span>
                    <FormattedRelative
                      updateInterval={10000}
                      value={0}
                    />
                  </span>
                }
              >
                <span>
                  <FormattedRelative
                    updateInterval={10000}
                    value={0}
                  />
                </span>
              </BTooltip>
            </span>
          </div>,
        ],
        "className": "UserWalletTransactions__transaction",
      },
      "ref": null,
      "rendered": Array [
        Object {
          "instance": null,
          "key": undefined,
          "nodeType": "host",
          "props": Object {
            "children": <i
              className="iconfont icon-flashlight_fill UserWalletTransactions__icon"
            />,
            "className": "UserWalletTransactions__icon-container",
          },
          "ref": null,
          "rendered": Object {
            "instance": null,
            "key": undefined,
            "nodeType": "host",
            "props": Object {
              "className": "iconfont icon-flashlight_fill UserWalletTransactions__icon",
            },
            "ref": null,
            "rendered": null,
            "type": "i",
          },
          "type": "div",
        },
        Object {
          "instance": null,
          "key": undefined,
          "nodeType": "host",
          "props": Object {
            "children": Array [
              <div
                className="UserWalletTransactions__content-recipient"
              >
                <UNDEFINED>
                  <FormattedMessage
                    defaultMessage="Powered up "
                    id="powered_up"
                    values={Object {}}
                  />
                  <span
                    className="UserWalletTransactions__payout"
                  >
                    <span>
                      0 HIVE
                    </span>
                  </span>
                </UNDEFINED>
              </div>,
              <span
                className="UserWalletTransactions__timestamp"
              >
                <BTooltip
                  title={
                    <span>
                      <FormattedRelative
                        updateInterval={10000}
                        value={0}
                      />
                    </span>
                  }
                >
                  <span>
                    <FormattedRelative
                      updateInterval={10000}
                      value={0}
                    />
                  </span>
                </BTooltip>
              </span>,
            ],
            "className": "UserWalletTransactions__content",
          },
          "ref": null,
          "rendered": Array [
            Object {
              "instance": null,
              "key": undefined,
              "nodeType": "host",
              "props": Object {
                "children": <UNDEFINED>
                  <FormattedMessage
                    defaultMessage="Powered up "
                    id="powered_up"
                    values={Object {}}
                  />
                  <span
                    className="UserWalletTransactions__payout"
                  >
                    <span>
                      0 HIVE
                    </span>
                  </span>
                </UNDEFINED>,
                "className": "UserWalletTransactions__content-recipient",
              },
              "ref": null,
              "rendered": Object {
                "instance": null,
                "key": undefined,
                "nodeType": "function",
                "props": Object {
                  "children": Array [
                    <FormattedMessage
                      defaultMessage="Powered up "
                      id="powered_up"
                      values={Object {}}
                    />,
                    <span
                      className="UserWalletTransactions__payout"
                    >
                      <span>
                        0 HIVE
                      </span>
                    </span>,
                  ],
                },
                "ref": null,
                "rendered": Array [
                  Object {
                    "instance": null,
                    "key": undefined,
                    "nodeType": "class",
                    "props": Object {
                      "defaultMessage": "Powered up ",
                      "id": "powered_up",
                      "values": Object {},
                    },
                    "ref": null,
                    "rendered": null,
                    "type": [Function],
                  },
                  Object {
                    "instance": null,
                    "key": undefined,
                    "nodeType": "host",
                    "props": Object {
                      "children": <span>
                        0 HIVE
                      </span>,
                      "className": "UserWalletTransactions__payout",
                    },
                    "ref": null,
                    "rendered": Object {
                      "instance": null,
                      "key": undefined,
                      "nodeType": "host",
                      "props": Object {
                        "children": "0 HIVE",
                      },
                      "ref": null,
                      "rendered": "0 HIVE",
                      "type": "span",
                    },
                    "type": "span",
                  },
                ],
                "type": Symbol(react.fragment),
              },
              "type": "div",
            },
            Object {
              "instance": null,
              "key": undefined,
              "nodeType": "host",
              "props": Object {
                "children": <BTooltip
                  title={
                    <span>
                      <FormattedRelative
                        updateInterval={10000}
                        value={0}
                      />
                    </span>
                  }
                >
                  <span>
                    <FormattedRelative
                      updateInterval={10000}
                      value={0}
                    />
                  </span>
                </BTooltip>,
                "className": "UserWalletTransactions__timestamp",
              },
              "ref": null,
              "rendered": Object {
                "instance": null,
                "key": undefined,
                "nodeType": "class",
                "props": Object {
                  "children": <span>
                    <FormattedRelative
                      updateInterval={10000}
                      value={0}
                    />
                  </span>,
                  "title": <span>
                    <FormattedRelative
                      updateInterval={10000}
                      value={0}
                    />
                  </span>,
                },
                "ref": null,
                "rendered": Object {
                  "instance": null,
                  "key": undefined,
                  "nodeType": "host",
                  "props": Object {
                    "children": <FormattedRelative
                      updateInterval={10000}
                      value={0}
                    />,
                  },
                  "ref": null,
                  "rendered": Object {
                    "instance": null,
                    "key": undefined,
                    "nodeType": "class",
                    "props": Object {
                      "updateInterval": 10000,
                      "value": 0,
                    },
                    "ref": null,
                    "rendered": null,
                    "type": [Function],
                  },
                  "type": "span",
                },
                "type": [Function],
              },
              "type": "span",
            },
          ],
          "type": "div",
        },
      ],
      "type": "div",
    },
  ],
  Symbol(enzyme.__options__): Object {
    "adapter": ReactSixteenAdapter {
      "options": Object {
        "enableComponentDidUpdateOnSetState": true,
        "legacyContextMode": "parent",
        "lifecycles": Object {
          "componentDidUpdate": Object {
            "onSetState": true,
          },
          "getChildContext": Object {
            "calledByRenderer": false,
          },
          "getDerivedStateFromError": true,
          "getDerivedStateFromProps": Object {
            "hasShouldComponentUpdateBug": false,
          },
          "getSnapshotBeforeUpdate": true,
          "setState": Object {
            "skipsComponentDidUpdateOnNullish": true,
          },
        },
      },
    },
    Symbol(enzyme.__providerValues__): undefined,
  },
  Symbol(enzyme.__providerValues__): Map {},
}
`;
